// Jest Snapshot v1, https://goo.gl/fbAQLP

exports[`Change log should display all  Organization change log entries 1`] = `
<table
  className="table table-sm bg-white table-bordered text-small changelog"
>
  <thead>
    <tr>
      <th
        className="text-nowrap"
      >
        Date
      </th>
      <th
        className="text-nowrap"
      >
        Admin
      </th>
      <th
        className="text-nowrap"
      >
        Change Type
      </th>
      <th
        className="text-nowrap td--half-stretch"
      >
        Previous Entry
      </th>
      <th
        className="text-nowrap td--half-stretch"
      >
        New Entry
      </th>
    </tr>
  </thead>
  <tbody
    className="changelog__entry"
  >
    <tr
      className="changelog__entry__header is-expanded"
      onClick={[Function]}
    >
      <td
        className="text-nowrap text-action"
      >
         
        <strong>
          2020-01-29 11:24:34
        </strong>
      </td>
      <td
        className="text-nowrap"
      >
        Pat Smith
      </td>
      <td
        className="text-nowrap"
      >
        Organization updated
      </td>
      <td />
      <td />
    </tr>
    <tr
      className="changelog__entry__row"
    >
      <td />
      <td />
      <td />
      <td>
        <div
          className="changelog__change--prev"
        >
          <div
            className="change__field"
          >
            <strong
              className="change__field__name"
            >
              Name
            </strong>
            : 
            <span
              className="change__field__value"
            >
              Organization Example
            </span>
          </div>
        </div>
      </td>
      <td>
        <div
          className="changelog__change--new"
        >
          <div
            className="change__field"
          >
            <strong
              className="change__field__name"
            >
              Name
            </strong>
            : 
            <span
              className="change__field__value"
            >
              Organization Example Changed
            </span>
          </div>
        </div>
      </td>
    </tr>
    <tr
      className="changelog__entry__row"
    >
      <td />
      <td />
      <td />
      <td>
        <div
          className="changelog__change--prev"
        >
          <div
            className="change__field"
          >
            <strong
              className="change__field__name"
            >
              Primary address
            </strong>
            : 
            <span
              className="change__field__value"
            >
              Primary contact address
            </span>
          </div>
        </div>
      </td>
      <td>
        <div
          className="changelog__change--new"
        >
          <div
            className="change__field"
          >
            <strong
              className="change__field__name"
            >
              Primary address
            </strong>
            : 
            <span
              className="change__field__value"
            >
              Primary contact address changed
            </span>
          </div>
        </div>
      </td>
    </tr>
    <tr
      className="changelog__entry__row"
    >
      <td />
      <td />
      <td />
      <td>
        <div
          className="changelog__change--prev"
        >
          <div
            className="change__field"
          >
            <strong
              className="change__field__name"
            >
              Primary contact name
            </strong>
            : 
            <span
              className="change__field__value"
            >
              Primary Contact Name
            </span>
          </div>
        </div>
      </td>
      <td>
        <div
          className="changelog__change--new"
        >
          <div
            className="change__field"
          >
            <strong
              className="change__field__name"
            >
              Primary contact name
            </strong>
            : 
            <span
              className="change__field__value"
            >
              Primary Contact Name changed
            </span>
          </div>
        </div>
      </td>
    </tr>
    <tr
      className="changelog__entry__row"
    >
      <td />
      <td />
      <td />
      <td>
        <div
          className="changelog__change--prev"
        >
          <div
            className="change__field"
          >
            <strong
              className="change__field__name"
            >
              Primary contact email
            </strong>
            : 
            <span
              className="change__field__value"
            >
              primarycontact@example.com
            </span>
          </div>
        </div>
      </td>
      <td>
        <div
          className="changelog__change--new"
        >
          <div
            className="change__field"
          >
            <strong
              className="change__field__name"
            >
              Primary contact email
            </strong>
            : 
            <span
              className="change__field__value"
            >
              primarycontactchanged@example.com
            </span>
          </div>
        </div>
      </td>
    </tr>
  </tbody>
  <tbody
    className="changelog__entry"
  >
    <tr
      className="changelog__entry__header is-expanded"
      onClick={[Function]}
    >
      <td
        className="text-nowrap text-action"
      >
         
        <strong>
          2020-01-29 11:24:09
        </strong>
      </td>
      <td
        className="text-nowrap"
      >
        Pat Smith
      </td>
      <td
        className="text-nowrap"
      >
        Organization created
      </td>
      <td />
      <td />
    </tr>
    <tr
      className="changelog__entry__row"
    >
      <td />
      <td />
      <td />
      <td>
        <div
          className="changelog__change--prev"
        >
          <div
            className="change__field"
          >
            <strong
              className="change__field__name"
            >
              Name
            </strong>
            : 
            <span
              className="change__field__value"
            >
              
            </span>
          </div>
        </div>
      </td>
      <td>
        <div
          className="changelog__change--new"
        >
          <div
            className="change__field"
          >
            <strong
              className="change__field__name"
            >
              Name
            </strong>
            : 
            <span
              className="change__field__value"
            >
              Organization Example
            </span>
          </div>
        </div>
      </td>
    </tr>
    <tr
      className="changelog__entry__row"
    >
      <td />
      <td />
      <td />
      <td>
        <div
          className="changelog__change--prev"
        >
          <div
            className="change__field"
          >
            <strong
              className="change__field__name"
            >
              Primary address
            </strong>
            : 
            <span
              className="change__field__value"
            >
              
            </span>
          </div>
        </div>
      </td>
      <td>
        <div
          className="changelog__change--new"
        >
          <div
            className="change__field"
          >
            <strong
              className="change__field__name"
            >
              Primary address
            </strong>
            : 
            <span
              className="change__field__value"
            >
              Primary contact address
            </span>
          </div>
        </div>
      </td>
    </tr>
    <tr
      className="changelog__entry__row"
    >
      <td />
      <td />
      <td />
      <td>
        <div
          className="changelog__change--prev"
        >
          <div
            className="change__field"
          >
            <strong
              className="change__field__name"
            >
              Primary contact name
            </strong>
            : 
            <span
              className="change__field__value"
            >
              
            </span>
          </div>
        </div>
      </td>
      <td>
        <div
          className="changelog__change--new"
        >
          <div
            className="change__field"
          >
            <strong
              className="change__field__name"
            >
              Primary contact name
            </strong>
            : 
            <span
              className="change__field__value"
            >
              Primary Contact Name
            </span>
          </div>
        </div>
      </td>
    </tr>
    <tr
      className="changelog__entry__row"
    >
      <td />
      <td />
      <td />
      <td>
        <div
          className="changelog__change--prev"
        >
          <div
            className="change__field"
          >
            <strong
              className="change__field__name"
            >
              Primary contact email
            </strong>
            : 
            <span
              className="change__field__value"
            >
              
            </span>
          </div>
        </div>
      </td>
      <td>
        <div
          className="changelog__change--new"
        >
          <div
            className="change__field"
          >
            <strong
              className="change__field__name"
            >
              Primary contact email
            </strong>
            : 
            <span
              className="change__field__value"
            >
              primarycontact@example.com
            </span>
          </div>
        </div>
      </td>
    </tr>
    <tr
      className="changelog__entry__row"
    >
      <td />
      <td />
      <td />
      <td>
        <div
          className="changelog__change--prev"
        >
          <div
            className="change__field"
          >
            <strong
              className="change__field__name"
            >
              Primary contact phone
            </strong>
            : 
            <span
              className="change__field__value"
            >
              
            </span>
          </div>
        </div>
      </td>
      <td>
        <div
          className="changelog__change--new"
        >
          <div
            className="change__field"
          >
            <strong
              className="change__field__name"
            >
              Primary contact phone
            </strong>
            : 
            <span
              className="change__field__value"
            >
              5551212
            </span>
          </div>
        </div>
      </td>
    </tr>
    <tr
      className="changelog__entry__row"
    >
      <td />
      <td />
      <td />
      <td>
        <div
          className="changelog__change--prev"
        >
          <div
            className="change__field"
          >
            <strong
              className="change__field__name"
            >
              Mode of contact
            </strong>
            : 
            <span
              className="change__field__value"
            >
              
            </span>
          </div>
        </div>
      </td>
      <td>
        <div
          className="changelog__change--new"
        >
          <div
            className="change__field"
          >
            <strong
              className="change__field__name"
            >
              Mode of contact
            </strong>
            : 
            <span
              className="change__field__value"
            >
              
            </span>
          </div>
        </div>
      </td>
    </tr>
    <tr
      className="changelog__entry__row"
    >
      <td />
      <td />
      <td />
      <td>
        <div
          className="changelog__change--prev"
        >
          <div
            className="change__field"
          >
            <strong
              className="change__field__name"
            >
              Is active
            </strong>
            : 
            <span
              className="change__field__value"
            >
              
            </span>
          </div>
        </div>
      </td>
      <td>
        <div
          className="changelog__change--new"
        >
          <div
            className="change__field"
          >
            <strong
              className="change__field__name"
            >
              Is active
            </strong>
            : 
            <span
              className="change__field__value"
            >
              True
            </span>
          </div>
        </div>
      </td>
    </tr>
    <tr
      className="changelog__entry__row"
    >
      <td />
      <td />
      <td />
      <td>
        <div
          className="changelog__change--prev"
        >
          <div
            className="change__field"
          >
            <strong
              className="change__field__name"
            >
              Sectors
            </strong>
            : 
            <span
              className="change__field__value"
            >
              
            </span>
          </div>
        </div>
      </td>
      <td>
        <div
          className="changelog__change--new"
        >
          <div
            className="change__field"
          >
            <strong
              className="change__field__name"
            >
              Sectors
            </strong>
            : 
            <span
              className="change__field__value"
            >
              Basic Needs
            </span>
          </div>
        </div>
      </td>
    </tr>
  </tbody>
</table>
`;

exports[`Change log should display all  Program change log entries 1`] = `
<table
  className="table table-sm bg-white table-bordered text-small changelog"
>
  <thead>
    <tr>
      <th
        className="text-nowrap"
      >
        Date
      </th>
      <th
        className="text-nowrap"
      >
        Admin
      </th>
      <th
        className="text-nowrap"
      >
        Change Type
      </th>
      <th
        className="text-nowrap td--half-stretch"
      >
        Previous Entry
      </th>
      <th
        className="text-nowrap td--half-stretch"
      >
        New Entry
      </th>
    </tr>
  </thead>
  <tbody
    className="changelog__entry"
  >
    <tr
      className="changelog__entry__header is-expanded"
      onClick={[Function]}
    >
      <td
        className="text-nowrap text-action"
      >
         
        <strong>
          2020-01-29 11:20:35
        </strong>
      </td>
      <td
        className="text-nowrap"
      >
        Pat Jones
      </td>
      <td
        className="text-nowrap"
      >
        Program updated
      </td>
      <td />
      <td />
    </tr>
    <tr
      className="changelog__entry__row"
    >
      <td />
      <td />
      <td />
      <td>
        <div
          className="changelog__change--prev"
        >
          <div
            className="change__field"
          >
            <strong
              className="change__field__name"
            >
              Name
            </strong>
            : 
            <span
              className="change__field__value"
            >
              Program Example
            </span>
          </div>
        </div>
      </td>
      <td>
        <div
          className="changelog__change--new"
        >
          <div
            className="change__field"
          >
            <strong
              className="change__field__name"
            >
              Name
            </strong>
            : 
            <span
              className="change__field__value"
            >
              Program Example Change
            </span>
          </div>
        </div>
      </td>
    </tr>
    <tr
      className="changelog__entry__row"
    >
      <td />
      <td />
      <td />
      <td>
        <div
          className="changelog__change--prev"
        >
          <div
            className="change__field"
          >
            <strong
              className="change__field__name"
            >
              Sectors
            </strong>
            : 
            <span
              className="change__field__value"
            >
              Agribusiness,Agriculture
            </span>
          </div>
        </div>
      </td>
      <td>
        <div
          className="changelog__change--new"
        >
          <div
            className="change__field"
          >
            <strong
              className="change__field__name"
            >
              Sectors
            </strong>
            : 
            <span
              className="change__field__value"
            >
              Agribusiness
            </span>
          </div>
        </div>
      </td>
    </tr>
    <tr
      className="changelog__entry__row"
    >
      <td />
      <td />
      <td />
      <td>
        <div
          className="changelog__change--prev"
        >
          <div
            className="change__field"
          >
            <strong
              className="change__field__name"
            >
              Countries
            </strong>
            : 
            <span
              className="change__field__value"
            >
              Kenya,United States
            </span>
          </div>
        </div>
      </td>
      <td>
        <div
          className="changelog__change--new"
        >
          <div
            className="change__field"
          >
            <strong
              className="change__field__name"
            >
              Countries
            </strong>
            : 
            <span
              className="change__field__value"
            >
              United States
            </span>
          </div>
        </div>
      </td>
    </tr>
  </tbody>
  <tbody
    className="changelog__entry"
  >
    <tr
      className="changelog__entry__header is-expanded"
      onClick={[Function]}
    >
      <td
        className="text-nowrap text-action"
      >
         
        <strong>
          2020-01-29 11:19:58
        </strong>
      </td>
      <td
        className="text-nowrap"
      >
        Pat Smith
      </td>
      <td
        className="text-nowrap"
      >
        Program created
      </td>
      <td />
      <td />
    </tr>
    <tr
      className="changelog__entry__row"
    >
      <td />
      <td />
      <td />
      <td>
        <div
          className="changelog__change--prev"
        >
          <div
            className="change__field"
          >
            <strong
              className="change__field__name"
            >
              GAIT ID
            </strong>
            : 
            <span
              className="change__field__value"
            >
              
            </span>
          </div>
        </div>
      </td>
      <td>
        <div
          className="changelog__change--new"
        >
          <div
            className="change__field"
          >
            <strong
              className="change__field__name"
            >
              GAIT ID
            </strong>
            : 
            <span
              className="change__field__value"
            >
              123
            </span>
          </div>
        </div>
      </td>
    </tr>
    <tr
      className="changelog__entry__row"
    >
      <td />
      <td />
      <td />
      <td>
        <div
          className="changelog__change--prev"
        >
          <div
            className="change__field"
          >
            <strong
              className="change__field__name"
            >
              Name
            </strong>
            : 
            <span
              className="change__field__value"
            >
              
            </span>
          </div>
        </div>
      </td>
      <td>
        <div
          className="changelog__change--new"
        >
          <div
            className="change__field"
          >
            <strong
              className="change__field__name"
            >
              Name
            </strong>
            : 
            <span
              className="change__field__value"
            >
              Program Example
            </span>
          </div>
        </div>
      </td>
    </tr>
    <tr
      className="changelog__entry__row"
    >
      <td />
      <td />
      <td />
      <td>
        <div
          className="changelog__change--prev"
        >
          <div
            className="change__field"
          >
            <strong
              className="change__field__name"
            >
              Funding status
            </strong>
            : 
            <span
              className="change__field__value"
            >
              
            </span>
          </div>
        </div>
      </td>
      <td>
        <div
          className="changelog__change--new"
        >
          <div
            className="change__field"
          >
            <strong
              className="change__field__name"
            >
              Funding status
            </strong>
            : 
            <span
              className="change__field__value"
            >
              Funded
            </span>
          </div>
        </div>
      </td>
    </tr>
    <tr
      className="changelog__entry__row"
    >
      <td />
      <td />
      <td />
      <td>
        <div
          className="changelog__change--prev"
        >
          <div
            className="change__field"
          >
            <strong
              className="change__field__name"
            >
              Cost center
            </strong>
            : 
            <span
              className="change__field__value"
            >
              
            </span>
          </div>
        </div>
      </td>
      <td>
        <div
          className="changelog__change--new"
        >
          <div
            className="change__field"
          >
            <strong
              className="change__field__name"
            >
              Cost center
            </strong>
            : 
            <span
              className="change__field__value empty-value"
            >
              —
            </span>
          </div>
        </div>
      </td>
    </tr>
    <tr
      className="changelog__entry__row"
    >
      <td />
      <td />
      <td />
      <td>
        <div
          className="changelog__change--prev"
        >
          <div
            className="change__field"
          >
            <strong
              className="change__field__name"
            >
              Description
            </strong>
            : 
            <span
              className="change__field__value"
            >
              
            </span>
          </div>
        </div>
      </td>
      <td>
        <div
          className="changelog__change--new"
        >
          <div
            className="change__field"
          >
            <strong
              className="change__field__name"
            >
              Description
            </strong>
            : 
            <span
              className="change__field__value"
            >
              
            </span>
          </div>
        </div>
      </td>
    </tr>
    <tr
      className="changelog__entry__row"
    >
      <td />
      <td />
      <td />
      <td>
        <div
          className="changelog__change--prev"
        >
          <div
            className="change__field"
          >
            <strong
              className="change__field__name"
            >
              Sectors
            </strong>
            : 
            <span
              className="change__field__value"
            >
              
            </span>
          </div>
        </div>
      </td>
      <td>
        <div
          className="changelog__change--new"
        >
          <div
            className="change__field"
          >
            <strong
              className="change__field__name"
            >
              Sectors
            </strong>
            : 
            <span
              className="change__field__value"
            >
              Agribusiness,Agriculture
            </span>
          </div>
        </div>
      </td>
    </tr>
    <tr
      className="changelog__entry__row"
    >
      <td />
      <td />
      <td />
      <td>
        <div
          className="changelog__change--prev"
        >
          <div
            className="change__field"
          >
            <strong
              className="change__field__name"
            >
              Countries
            </strong>
            : 
            <span
              className="change__field__value"
            >
              
            </span>
          </div>
        </div>
      </td>
      <td>
        <div
          className="changelog__change--new"
        >
          <div
            className="change__field"
          >
            <strong
              className="change__field__name"
            >
              Countries
            </strong>
            : 
            <span
              className="change__field__value"
            >
              Kenya,United States
            </span>
          </div>
        </div>
      </td>
    </tr>
  </tbody>
</table>
`;

exports[`Change log should display all  User change log entries 1`] = `
<table
  className="table table-sm bg-white table-bordered text-small changelog"
>
  <thead>
    <tr>
      <th
        className="text-nowrap"
      >
        Date
      </th>
      <th
        className="text-nowrap"
      >
        Admin
      </th>
      <th
        className="text-nowrap"
      >
        Change Type
      </th>
      <th
        className="text-nowrap td--half-stretch"
      >
        Previous Entry
      </th>
      <th
        className="text-nowrap td--half-stretch"
      >
        New Entry
      </th>
    </tr>
  </thead>
  <tbody
    className="changelog__entry"
  >
    <tr
      className="changelog__entry__header is-expanded"
      onClick={[Function]}
    >
      <td
        className="text-nowrap text-action"
      >
         
        <strong>
          2020-01-29 10:48:56
        </strong>
      </td>
      <td
        className="text-nowrap"
      >
        Pat Smith
      </td>
      <td
        className="text-nowrap"
      >
        User programs updated
      </td>
      <td />
      <td />
    </tr>
    <tr
      className="changelog__entry__row"
    >
      <td />
      <td />
      <td />
      <td>
        <div
          className="changelog__change--prev"
        >
          <div
            className="change__field"
          >
            <strong
              className="change__field__name"
            >
              Country
            </strong>
            : 
            <span
              className="change__field__value empty-value"
            >
              —
            </span>
          </div>
          <div
            className="change__field"
          >
            <strong
              className="change__field__name"
            >
              Role
            </strong>
            : 
            <span
              className="change__field__value empty-value"
            >
              —
            </span>
          </div>
        </div>
      </td>
      <td>
        <div
          className="changelog__change--new"
        >
          <div
            className="change__field"
          >
            <strong
              className="change__field__name"
            >
              Country
            </strong>
            : 
            <span
              className="change__field__value"
            >
              Bangladesh
            </span>
          </div>
          <div
            className="change__field"
          >
            <strong
              className="change__field__name"
            >
              Role
            </strong>
            : 
            <span
              className="change__field__value"
            >
              user
            </span>
          </div>
        </div>
      </td>
    </tr>
    <tr
      className="changelog__entry__row"
    >
      <td />
      <td />
      <td />
      <td>
        <div
          className="changelog__change--prev"
        >
          <div
            className="change__field"
          >
            <strong
              className="change__field__name"
            >
              Country
            </strong>
            : 
            <span
              className="change__field__value empty-value"
            >
              —
            </span>
          </div>
          <div
            className="change__field"
          >
            <strong
              className="change__field__name"
            >
              Role
            </strong>
            : 
            <span
              className="change__field__value empty-value"
            >
              —
            </span>
          </div>
        </div>
      </td>
      <td>
        <div
          className="changelog__change--new"
        >
          <div
            className="change__field"
          >
            <strong
              className="change__field__name"
            >
              Country
            </strong>
            : 
            <span
              className="change__field__value"
            >
              Bahamas
            </span>
          </div>
          <div
            className="change__field"
          >
            <strong
              className="change__field__name"
            >
              Role
            </strong>
            : 
            <span
              className="change__field__value"
            >
              user
            </span>
          </div>
        </div>
      </td>
    </tr>
    <tr
      className="changelog__entry__row"
    >
      <td />
      <td />
      <td />
      <td>
        <div
          className="changelog__change--prev"
        >
          <div
            className="change__field"
          >
            <strong
              className="change__field__name"
            >
              Program
            </strong>
            : 
            <span
              className="change__field__value empty-value"
            >
              —
            </span>
          </div>
          <div
            className="change__field"
          >
            <strong
              className="change__field__name"
            >
              Country
            </strong>
            : 
            <span
              className="change__field__value empty-value"
            >
              —
            </span>
          </div>
          <div
            className="change__field"
          >
            <strong
              className="change__field__name"
            >
              Role
            </strong>
            : 
            <span
              className="change__field__value empty-value"
            >
              —
            </span>
          </div>
        </div>
      </td>
      <td>
        <div
          className="changelog__change--new"
        >
          <div
            className="change__field"
          >
            <strong
              className="change__field__name"
            >
              Program
            </strong>
            : 
            <span
              className="change__field__value"
            >
              Do Wah Diddy
            </span>
          </div>
          <div
            className="change__field"
          >
            <strong
              className="change__field__name"
            >
              Country
            </strong>
            : 
            <span
              className="change__field__value"
            >
              United States
            </span>
          </div>
          <div
            className="change__field"
          >
            <strong
              className="change__field__name"
            >
              Role
            </strong>
            : 
            <span
              className="change__field__value"
            >
              medium
            </span>
          </div>
        </div>
      </td>
    </tr>
  </tbody>
  <tbody
    className="changelog__entry"
  >
    <tr
      className="changelog__entry__header is-expanded"
      onClick={[Function]}
    >
      <td
        className="text-nowrap text-action"
      >
         
        <strong>
          2020-01-27 15:53:28
        </strong>
      </td>
      <td
        className="text-nowrap"
      >
        Path Smit
      </td>
      <td
        className="text-nowrap"
      >
        User profile updated
      </td>
      <td />
      <td />
    </tr>
    <tr
      className="changelog__entry__row"
    >
      <td />
      <td />
      <td />
      <td>
        <div
          className="changelog__change--prev"
        >
          <div
            className="change__field"
          >
            <strong
              className="change__field__name"
            >
              First name
            </strong>
            : 
            <span
              className="change__field__value"
            >
              Anna
            </span>
          </div>
        </div>
      </td>
      <td>
        <div
          className="changelog__change--new"
        >
          <div
            className="change__field"
          >
            <strong
              className="change__field__name"
            >
              First name
            </strong>
            : 
            <span
              className="change__field__value"
            >
              Annie
            </span>
          </div>
        </div>
      </td>
    </tr>
    <tr
      className="changelog__entry__row"
    >
      <td />
      <td />
      <td />
      <td>
        <div
          className="changelog__change--prev"
        >
          <div
            className="change__field"
          >
            <strong
              className="change__field__name"
            >
              Last name
            </strong>
            : 
            <span
              className="change__field__value"
            >
              Jones
            </span>
          </div>
        </div>
      </td>
      <td>
        <div
          className="changelog__change--new"
        >
          <div
            className="change__field"
          >
            <strong
              className="change__field__name"
            >
              Last name
            </strong>
            : 
            <span
              className="change__field__value"
            >
              Smith
            </span>
          </div>
        </div>
      </td>
    </tr>
  </tbody>
  <tbody
    className="changelog__entry"
  >
    <tr
      className="changelog__entry__header is-expanded"
      onClick={[Function]}
    >
      <td
        className="text-nowrap text-action"
      >
         
        <strong>
          2020-01-27 15:53:09
        </strong>
      </td>
      <td
        className="text-nowrap"
      >
        Path Smit
      </td>
      <td
        className="text-nowrap"
      >
        User profile updated
      </td>
      <td />
      <td />
    </tr>
    <tr
      className="changelog__entry__row"
    >
      <td />
      <td />
      <td />
      <td>
        <div
          className="changelog__change--prev"
        >
          <div
            className="change__field"
          >
            <strong
              className="change__field__name"
            >
              Last name
            </strong>
            : 
            <span
              className="change__field__value"
            >
              Jones
            </span>
          </div>
        </div>
      </td>
      <td>
        <div
          className="changelog__change--new"
        >
          <div
            className="change__field"
          >
            <strong
              className="change__field__name"
            >
              Last name
            </strong>
            : 
            <span
              className="change__field__value"
            >
              Smith
            </span>
          </div>
        </div>
      </td>
    </tr>
  </tbody>
</table>
`;

exports[`Country change log lists all changes 1`] = `
<table
  className="table table-sm bg-white table-bordered text-small changelog"
>
  <thead>
    <tr>
      <th
        className="text-nowrap"
      >
        Date
      </th>
      <th
        className="text-nowrap"
      >
        Admin
      </th>
      <th
        className="text-nowrap"
      >
        Change Type
      </th>
      <th
        className="text-nowrap td--half-stretch"
      >
        Previous Entry
      </th>
      <th
        className="text-nowrap td--half-stretch"
      >
        New Entry
      </th>
    </tr>
  </thead>
  <tbody
    className="changelog__entry"
  >
    <tr
      className="changelog__entry__header is-expanded"
      onClick={[Function]}
    >
      <td
        className="text-nowrap text-action"
      >
         
        <strong>
          2020-01-28 16:00:00
        </strong>
      </td>
      <td
        className="text-nowrap"
      >
        Pat Jones
      </td>
      <td
        className="text-nowrap"
      >
        Country disaggregation updated
      </td>
      <td />
      <td />
    </tr>
    <tr
      className="changelog__entry__row"
    >
      <td />
      <td />
      <td />
      <td>
        <div
          className="changelog__change--prev"
        >
          <div
            className="change__field"
          >
            <strong
              className="change__field__name"
            >
              Disaggregation type
            </strong>
            : 
            <span
              className="change__field__value"
            >
              asdf
            </span>
          </div>
        </div>
      </td>
      <td>
        <div
          className="changelog__change--new"
        >
          <div
            className="change__field"
          >
            <strong
              className="change__field__name"
            >
              Disaggregation type
            </strong>
            : 
            <span
              className="change__field__value"
            >
              asdf222
            </span>
          </div>
        </div>
      </td>
    </tr>
    <tr
      className="changelog__entry__row"
    >
      <td />
      <td />
      <td />
      <td>
        <div
          className="changelog__change--prev"
        >
          <strong>
            Disaggregation categories
            : 
          </strong>
          <ul
            className="no-list-style"
          >
            <li>
              category 1
            </li>
            <li>
              category 3
            </li>
            <li>
              category 2
            </li>
          </ul>
        </div>
      </td>
      <td>
        <div
          className="changelog__change--new"
        >
          <strong>
            Disaggregation categories
            : 
          </strong>
          <ul
            className="no-list-style"
          >
            <li>
              category 22
            </li>
            <li>
              category 11
            </li>
            <li>
              category 33
            </li>
          </ul>
        </div>
      </td>
    </tr>
  </tbody>
</table>
`;
